<UIView; frame = (0 0; 375 812); autoresize = W+H; layer = <CALayer>>
   | <_TtGC15JamitFoundation15CollapsibleViewCS_28DefaultCollapsibleHeaderView_; frame = (0 0; 375 1756); clipsToBounds = YES; layer = <CALayer>>
   |    | <JamitFoundation.DefaultCollapsibleHeaderView; frame = (0 0; 375 56); layer = <CALayer>>
   |    |    | <UIImageView; frame = (341 16; 24 24); userInteractionEnabled = NO; layer = <CALayer>>
   |    |    | <UILabel; frame = (20 16; 311 24); text = 'testManyCollapsibleViews'; userInteractionEnabled = NO; layer = <_UILabelLayer>>
   |    | <UIButton; frame = (0 0; 375 56); opaque = NO; layer = <CALayer>>
   |    |    | <UIButtonLabel; frame = (0 0; 0 0); hidden = YES; opaque = NO; userInteractionEnabled = NO; layer = <_UILabelLayer>>
   |    | <UIStackView; frame = (0 56; 375 1700); layer = <CALayer>>
   |    |    | <JamitFoundationTests.CollapsibleElementView; frame = (0 0; 375 50); layer = <CALayer>>
   |    |    |    | <UITextField; frame = (0 0; 390 50); text = 'Item 1'; opaque = NO; gestureRecognizers = <NSArray>; borderStyle = None; background = <_UITextFieldNoBackgroundProvider: textfield=<UITextField>>; layer = <CALayer>>
   |    |    |    |    | <_UITextFieldCanvasView; frame = (0 0; 390 50); opaque = NO; userInteractionEnabled = NO; layer = <_UITextTiledLayer>>
   |    |    | <JamitFoundationTests.CollapsibleElementView; frame = (0 50; 375 120); layer = <CALayer>>
   |    |    |    | <UITextField; frame = (0 0; 390 120); text = 'Item 2'; opaque = NO; gestureRecognizers = <NSArray>; borderStyle = None; background = <_UITextFieldNoBackgroundProvider: textfield=<UITextField>>; layer = <CALayer>>
   |    |    |    |    | <_UITextFieldCanvasView; frame = (0 0; 390 120); opaque = NO; userInteractionEnabled = NO; layer = <_UITextTiledLayer>>
   |    |    | <JamitFoundationTests.CollapsibleElementView; frame = (0 170; 375 50); layer = <CALayer>>
   |    |    |    | <UITextField; frame = (0 0; 390 50); text = 'Item 3'; opaque = NO; gestureRecognizers = <NSArray>; borderStyle = None; background = <_UITextFieldNoBackgroundProvider: textfield=<UITextField>>; layer = <CALayer>>
   |    |    |    |    | <_UITextFieldCanvasView; frame = (0 0; 390 50); opaque = NO; userInteractionEnabled = NO; layer = <_UITextTiledLayer>>
   |    |    | <JamitFoundationTests.CollapsibleElementView; frame = (0 220; 375 120); layer = <CALayer>>
   |    |    |    | <UITextField; frame = (0 0; 390 120); text = 'Item 4'; opaque = NO; gestureRecognizers = <NSArray>; borderStyle = None; background = <_UITextFieldNoBackgroundProvider: textfield=<UITextField>>; layer = <CALayer>>
   |    |    |    |    | <_UITextFieldCanvasView; frame = (0 0; 390 120); opaque = NO; userInteractionEnabled = NO; layer = <_UITextTiledLayer>>
   |    |    | <JamitFoundationTests.CollapsibleElementView; frame = (0 340; 375 50); layer = <CALayer>>
   |    |    |    | <UITextField; frame = (0 0; 390 50); text = 'Item 5'; opaque = NO; gestureRecognizers = <NSArray>; borderStyle = None; background = <_UITextFieldNoBackgroundProvider: textfield=<UITextField>>; layer = <CALayer>>
   |    |    |    |    | <_UITextFieldCanvasView; frame = (0 0; 390 50); opaque = NO; userInteractionEnabled = NO; layer = <_UITextTiledLayer>>
   |    |    | <JamitFoundationTests.CollapsibleElementView; frame = (0 390; 375 120); layer = <CALayer>>
   |    |    |    | <UITextField; frame = (0 0; 390 120); text = 'Item 6'; opaque = NO; gestureRecognizers = <NSArray>; borderStyle = None; background = <_UITextFieldNoBackgroundProvider: textfield=<UITextField>>; layer = <CALayer>>
   |    |    |    |    | <_UITextFieldCanvasView; frame = (0 0; 390 120); opaque = NO; userInteractionEnabled = NO; layer = <_UITextTiledLayer>>
   |    |    | <JamitFoundationTests.CollapsibleElementView; frame = (0 510; 375 50); layer = <CALayer>>
   |    |    |    | <UITextField; frame = (0 0; 390 50); text = 'Item 7'; opaque = NO; gestureRecognizers = <NSArray>; borderStyle = None; background = <_UITextFieldNoBackgroundProvider: textfield=<UITextField>>; layer = <CALayer>>
   |    |    |    |    | <_UITextFieldCanvasView; frame = (0 0; 390 50); opaque = NO; userInteractionEnabled = NO; layer = <_UITextTiledLayer>>
   |    |    | <JamitFoundationTests.CollapsibleElementView; frame = (0 560; 375 120); layer = <CALayer>>
   |    |    |    | <UITextField; frame = (0 0; 390 120); text = 'Item 8'; opaque = NO; gestureRecognizers = <NSArray>; borderStyle = None; background = <_UITextFieldNoBackgroundProvider: textfield=<UITextField>>; layer = <CALayer>>
   |    |    |    |    | <_UITextFieldCanvasView; frame = (0 0; 390 120); opaque = NO; userInteractionEnabled = NO; layer = <_UITextTiledLayer>>
   |    |    | <JamitFoundationTests.CollapsibleElementView; frame = (0 680; 375 50); layer = <CALayer>>
   |    |    |    | <UITextField; frame = (0 0; 390 50); text = 'Item 9'; opaque = NO; gestureRecognizers = <NSArray>; borderStyle = None; background = <_UITextFieldNoBackgroundProvider: textfield=<UITextField>>; layer = <CALayer>>
   |    |    |    |    | <_UITextFieldCanvasView; frame = (0 0; 390 50); opaque = NO; userInteractionEnabled = NO; layer = <_UITextTiledLayer>>
   |    |    | <JamitFoundationTests.CollapsibleElementView; frame = (0 730; 375 120); layer = <CALayer>>
   |    |    |    | <UITextField; frame = (0 0; 390 120); text = 'Item 10'; opaque = NO; gestureRecognizers = <NSArray>; borderStyle = None; background = <_UITextFieldNoBackgroundProvider: textfield=<UITextField>>; layer = <CALayer>>
   |    |    |    |    | <_UITextFieldCanvasView; frame = (0 0; 390 120); opaque = NO; userInteractionEnabled = NO; layer = <_UITextTiledLayer>>
   |    |    | <JamitFoundationTests.CollapsibleElementView; frame = (0 850; 375 50); layer = <CALayer>>
   |    |    |    | <UITextField; frame = (0 0; 390 50); text = 'Item 11'; opaque = NO; gestureRecognizers = <NSArray>; borderStyle = None; background = <_UITextFieldNoBackgroundProvider: textfield=<UITextField>>; layer = <CALayer>>
   |    |    |    |    | <_UITextFieldCanvasView; frame = (0 0; 390 50); opaque = NO; userInteractionEnabled = NO; layer = <_UITextTiledLayer>>
   |    |    | <JamitFoundationTests.CollapsibleElementView; frame = (0 900; 375 120); layer = <CALayer>>
   |    |    |    | <UITextField; frame = (0 0; 390 120); text = 'Item 12'; opaque = NO; gestureRecognizers = <NSArray>; borderStyle = None; background = <_UITextFieldNoBackgroundProvider: textfield=<UITextField>>; layer = <CALayer>>
   |    |    |    |    | <_UITextFieldCanvasView; frame = (0 0; 390 120); opaque = NO; userInteractionEnabled = NO; layer = <_UITextTiledLayer>>
   |    |    | <JamitFoundationTests.CollapsibleElementView; frame = (0 1020; 375 50); layer = <CALayer>>
   |    |    |    | <UITextField; frame = (0 0; 390 50); text = 'Item 13'; opaque = NO; gestureRecognizers = <NSArray>; borderStyle = None; background = <_UITextFieldNoBackgroundProvider: textfield=<UITextField>>; layer = <CALayer>>
   |    |    |    |    | <_UITextFieldCanvasView; frame = (0 0; 390 50); opaque = NO; userInteractionEnabled = NO; layer = <_UITextTiledLayer>>
   |    |    | <JamitFoundationTests.CollapsibleElementView; frame = (0 1070; 375 120); layer = <CALayer>>
   |    |    |    | <UITextField; frame = (0 0; 390 120); text = 'Item 14'; opaque = NO; gestureRecognizers = <NSArray>; borderStyle = None; background = <_UITextFieldNoBackgroundProvider: textfield=<UITextField>>; layer = <CALayer>>
   |    |    |    |    | <_UITextFieldCanvasView; frame = (0 0; 390 120); opaque = NO; userInteractionEnabled = NO; layer = <_UITextTiledLayer>>
   |    |    | <JamitFoundationTests.CollapsibleElementView; frame = (0 1190; 375 50); layer = <CALayer>>
   |    |    |    | <UITextField; frame = (0 0; 390 50); text = 'Item 15'; opaque = NO; gestureRecognizers = <NSArray>; borderStyle = None; background = <_UITextFieldNoBackgroundProvider: textfield=<UITextField>>; layer = <CALayer>>
   |    |    |    |    | <_UITextFieldCanvasView; frame = (0 0; 390 50); opaque = NO; userInteractionEnabled = NO; layer = <_UITextTiledLayer>>
   |    |    | <JamitFoundationTests.CollapsibleElementView; frame = (0 1240; 375 120); layer = <CALayer>>
   |    |    |    | <UITextField; frame = (0 0; 390 120); text = 'Item 16'; opaque = NO; gestureRecognizers = <NSArray>; borderStyle = None; background = <_UITextFieldNoBackgroundProvider: textfield=<UITextField>>; layer = <CALayer>>
   |    |    |    |    | <_UITextFieldCanvasView; frame = (0 0; 390 120); opaque = NO; userInteractionEnabled = NO; layer = <_UITextTiledLayer>>
   |    |    | <JamitFoundationTests.CollapsibleElementView; frame = (0 1360; 375 50); layer = <CALayer>>
   |    |    |    | <UITextField; frame = (0 0; 390 50); text = 'Item 17'; opaque = NO; gestureRecognizers = <NSArray>; borderStyle = None; background = <_UITextFieldNoBackgroundProvider: textfield=<UITextField>>; layer = <CALayer>>
   |    |    |    |    | <_UITextFieldCanvasView; frame = (0 0; 390 50); opaque = NO; userInteractionEnabled = NO; layer = <_UITextTiledLayer>>
   |    |    | <JamitFoundationTests.CollapsibleElementView; frame = (0 1410; 375 120); layer = <CALayer>>
   |    |    |    | <UITextField; frame = (0 0; 390 120); text = 'Item 18'; opaque = NO; gestureRecognizers = <NSArray>; borderStyle = None; background = <_UITextFieldNoBackgroundProvider: textfield=<UITextField>>; layer = <CALayer>>
   |    |    |    |    | <_UITextFieldCanvasView; frame = (0 0; 390 120); opaque = NO; userInteractionEnabled = NO; layer = <_UITextTiledLayer>>
   |    |    | <JamitFoundationTests.CollapsibleElementView; frame = (0 1530; 375 50); layer = <CALayer>>
   |    |    |    | <UITextField; frame = (0 0; 390 50); text = 'Item 19'; opaque = NO; gestureRecognizers = <NSArray>; borderStyle = None; background = <_UITextFieldNoBackgroundProvider: textfield=<UITextField>>; layer = <CALayer>>
   |    |    |    |    | <_UITextFieldCanvasView; frame = (0 0; 390 50); opaque = NO; userInteractionEnabled = NO; layer = <_UITextTiledLayer>>
   |    |    | <JamitFoundationTests.CollapsibleElementView; frame = (0 1580; 375 120); layer = <CALayer>>
   |    |    |    | <UITextField; frame = (0 0; 390 120); text = 'Item 20'; opaque = NO; gestureRecognizers = <NSArray>; borderStyle = None; background = <_UITextFieldNoBackgroundProvider: textfield=<UITextField>>; layer = <CALayer>>
   |    |    |    |    | <_UITextFieldCanvasView; frame = (0 0; 390 120); opaque = NO; userInteractionEnabled = NO; layer = <_UITextTiledLayer>>